2025-06-18 20:42:59,474 - __main__ - INFO - 
================================================================================
2025-06-18 20:42:59,474 - __main__ - INFO - BDWPT SIMULATION PLATFORM FOR NEW ZEALAND LV NETWORKS
2025-06-18 20:42:59,474 - __main__ - INFO - ================================================================================

2025-06-18 20:42:59,474 - __main__ - INFO - Initializing BDWPT Simulation Platform...
2025-06-18 20:42:59,474 - __main__ - INFO - Setting up data loader...
2025-06-18 20:42:59,474 - __main__ - INFO - Setting up traffic model...
2025-06-18 20:42:59,474 - traffic_model.data_loader - INFO - Loaded road network with 9 segments
2025-06-18 20:42:59,571 - traffic_model.main_traffic - INFO - Initialized 1000 vehicles (300 EVs).
2025-06-18 20:42:59,571 - __main__ - INFO - Setting up IEEE 13-bus test system...
2025-06-18 20:42:59,601 - power_grid_model.ieee_13_bus_model - INFO - Building IEEE 13-bus test system...
2025-06-18 20:42:59,601 - power_grid_model.ieee_13_bus_model - INFO - OpenDSS model built successfully
2025-06-18 20:42:59,601 - __main__ - INFO - Setting up co-simulation engine...
2025-06-18 20:42:59,614 - __main__ - INFO - Initialization complete!
2025-06-18 20:42:59,614 - __main__ - INFO - 
============================================================
2025-06-18 20:42:59,614 - __main__ - INFO - Starting: Weekday Peak_0%
2025-06-18 20:42:59,614 - __main__ - INFO - ============================================================
2025-06-18 20:42:59,614 - __main__ - INFO - Running scenario: Weekday Peak with 0% BDWPT penetration
2025-06-18 20:42:59,614 - cosimulation.simulation_engine - INFO - Starting co-simulation for scenario: Weekday Peak_0%
2025-06-18 20:42:59,615 - traffic_model.main_traffic - INFO - Set BDWPT penetration to 0% (0 equipped vehicles).
2025-06-18 20:42:59,615 - cosimulation.simulation_engine - INFO - Initialized 0 BDWPT agents
python : 
At line:1 char:1
+ python main.py 2>&1 | Tee-Object -FilePath "test_output.log"
+ ~~~~~~~~~~~~~~~~~~~
    + CategoryInfo          : NotSpecified: (:String) [], RemoteException
    + FullyQualifiedErrorId : NativeCommandError
 
2025-06-18 20:42:59,623 - traffic_model.main_traffic - INFO - Generating new trip patterns for weekday...
2025-06-18 20:42:59,782 - traffic_model.trip_generator - INFO - Generated 3013 trips for 1000 vehicles
Simulation Progress:   0%|          | 0/96 [00:00<?, ?it/s]
Simulation Progress:   1%|          | 1/96 [00:00<00:15,  6.13it/s]
Simulation Progress:  41%|ÔûêÔûêÔûêÔûê      | 39/96 [00:00<00:00, 179.90it/s]
Simulation Progress:  79%|ÔûêÔûêÔûêÔûêÔûêÔûêÔûêÔûë  | 76/96 [00:00<00:00, 253.55it/s]
Simulation Progress: 100%|ÔûêÔûêÔûêÔûêÔûêÔûêÔûêÔûêÔûêÔûê| 96/96 [00:00<00:00, 220.22it/s]
2025-06-18 20:43:00,059 - cosimulation.simulation_engine - INFO - Compiling results for 96 time steps
2025-06-18 20:43:00,059 - cosimulation.simulation_engine - INFO - Sample step result keys: ['timestamp', 'converged', 'total_load_kw', 'total_losses_kw', 'total_bdwpt_kw', 'bdwpt_charging_kw', 'bdwpt_discharging_kw', 'voltage_bus_650', 'voltage_bus_632', 'voltage_bus_633', 'voltage_bus_634', 'voltage_bus_645', 'voltage_bus_646', 'voltage_bus_671', 'voltage_bus_680', 'voltage_bus_684', 'voltage_bus_611', 'voltage_bus_652', 'voltage_bus_692', 'voltage_bus_675', 'bdwpt_node_632_kw', 'bdwpt_node_633_kw', 'bdwpt_node_634_kw', 'bdwpt_node_645_kw', 'bdwpt_node_646_kw', 'bdwpt_node_671_kw', 'bdwpt_node_675_kw', 'bdwpt_node_680_kw', 'vehicles_G2V', 'vehicles_V2G', 'vehicles_idle']
2025-06-18 20:43:00,059 - cosimulation.simulation_engine - INFO - Created DataFrame with shape: (96, 31), columns: ['timestamp', 'converged', 'total_load_kw', 'total_losses_kw', 'total_bdwpt_kw', 'bdwpt_charging_kw', 'bdwpt_discharging_kw', 'voltage_bus_650', 'voltage_bus_632', 'voltage_bus_633', 'voltage_bus_634', 'voltage_bus_645', 'voltage_bus_646', 'voltage_bus_671', 'voltage_bus_680', 'voltage_bus_684', 'voltage_bus_611', 'voltage_bus_652', 'voltage_bus_692', 'voltage_bus_675', 'bdwpt_node_632_kw', 'bdwpt_node_633_kw', 'bdwpt_node_634_kw', 'bdwpt_node_645_kw', 'bdwpt_node_646_kw', 'bdwpt_node_671_kw', 'bdwpt_node_675_kw', 'bdwpt_node_680_kw', 'vehicles_G2V', 'vehicles_V2G', 'vehicles_idle']
2025-06-18 20:43:00,059 - cosimulation.simulation_engine - INFO - Using time_step_minutes: 15
2025-06-18 20:43:00,059 - cosimulation.simulation_engine - INFO - Co-simulation completed successfully
2025-06-18 20:43:00,059 - __main__ - INFO - Simulation completed in 0.45 seconds
2025-06-18 20:43:00,072 - __main__ - INFO - Saving results to: output\results\Weekday_Peak_0pct
2025-06-18 20:43:00,077 - __main__ - INFO - Saved timeseries data: output\results\Weekday_Peak_0pct\timeseries_data.csv
2025-06-18 20:43:00,087 - __main__ - INFO - Saved summary: output\results\Weekday_Peak_0pct\summary.txt
2025-06-18 20:43:00,087 - __main__ - INFO - 
============================================================
2025-06-18 20:43:00,087 - __main__ - INFO - Starting: Weekday Peak_15%
2025-06-18 20:43:00,087 - __main__ - INFO - ============================================================
2025-06-18 20:43:00,087 - __main__ - INFO - Running scenario: Weekday Peak with 15% BDWPT penetration
2025-06-18 20:43:00,087 - cosimulation.simulation_engine - INFO - Starting co-simulation for scenario: Weekday Peak_15%
2025-06-18 20:43:00,087 - traffic_model.main_traffic - INFO - Set BDWPT penetration to 15% (45 equipped vehicles).
2025-06-18 20:43:00,087 - cosimulation.simulation_engine - INFO - Initialized 45 BDWPT agents

Simulation Progress:   0%|          | 0/96 [00:00<?, ?it/s]
Simulation Progress:  33%|ÔûêÔûêÔûêÔûÄ      | 32/96 [00:00<00:00, 319.77it/s]
Simulation Progress:  67%|ÔûêÔûêÔûêÔûêÔûêÔûêÔûï   | 64/96 [00:00<00:00, 303.59it/s]
Simulation Progress:  99%|ÔûêÔûêÔûêÔûêÔûêÔûêÔûêÔûêÔûêÔûë| 95/96 [00:00<00:00, 296.31it/s]
Simulation Progress: 100%|ÔûêÔûêÔûêÔûêÔûêÔûêÔûêÔûêÔûêÔûê| 96/96 [00:00<00:00, 302.93it/s]
2025-06-18 20:43:00,404 - cosimulation.simulation_engine - INFO - Compiling results for 96 time steps
2025-06-18 20:43:00,404 - cosimulation.simulation_engine - INFO - Sample step result keys: ['timestamp', 'converged', 'total_load_kw', 'total_losses_kw', 'total_bdwpt_kw', 'bdwpt_charging_kw', 'bdwpt_discharging_kw', 'voltage_bus_650', 'voltage_bus_632', 'voltage_bus_633', 'voltage_bus_634', 'voltage_bus_645', 'voltage_bus_646', 'voltage_bus_671', 'voltage_bus_680', 'voltage_bus_684', 'voltage_bus_611', 'voltage_bus_652', 'voltage_bus_692', 'voltage_bus_675', 'bdwpt_node_632_kw', 'bdwpt_node_633_kw', 'bdwpt_node_634_kw', 'bdwpt_node_645_kw', 'bdwpt_node_646_kw', 'bdwpt_node_671_kw', 'bdwpt_node_675_kw', 'bdwpt_node_680_kw', 'vehicles_G2V', 'vehicles_V2G', 'vehicles_idle']
2025-06-18 20:43:00,414 - cosimulation.simulation_engine - INFO - Created DataFrame with shape: (96, 31), columns: ['timestamp', 'converged', 'total_load_kw', 'total_losses_kw', 'total_bdwpt_kw', 'bdwpt_charging_kw', 'bdwpt_discharging_kw', 'voltage_bus_650', 'voltage_bus_632', 'voltage_bus_633', 'voltage_bus_634', 'voltage_bus_645', 'voltage_bus_646', 'voltage_bus_671', 'voltage_bus_680', 'voltage_bus_684', 'voltage_bus_611', 'voltage_bus_652', 'voltage_bus_692', 'voltage_bus_675', 'bdwpt_node_632_kw', 'bdwpt_node_633_kw', 'bdwpt_node_634_kw', 'bdwpt_node_645_kw', 'bdwpt_node_646_kw', 'bdwpt_node_671_kw', 'bdwpt_node_675_kw', 'bdwpt_node_680_kw', 'vehicles_G2V', 'vehicles_V2G', 'vehicles_idle']
2025-06-18 20:43:00,414 - cosimulation.simulation_engine - INFO - Using time_step_minutes: 15
2025-06-18 20:43:00,418 - cosimulation.simulation_engine - INFO - Co-simulation completed successfully
2025-06-18 20:43:00,418 - __main__ - INFO - Simulation completed in 0.33 seconds
2025-06-18 20:43:00,421 - __main__ - INFO - Saving results to: output\results\Weekday_Peak_15pct
2025-06-18 20:43:00,426 - __main__ - INFO - Saved timeseries data: output\results\Weekday_Peak_15pct\timeseries_data.csv
2025-06-18 20:43:00,434 - __main__ - INFO - Saved summary: output\results\Weekday_Peak_15pct\summary.txt
2025-06-18 20:43:00,434 - __main__ - INFO - 
============================================================
2025-06-18 20:43:00,434 - __main__ - INFO - Starting: Weekday Peak_40%
2025-06-18 20:43:00,434 - __main__ - INFO - ============================================================
2025-06-18 20:43:00,434 - __main__ - INFO - Running scenario: Weekday Peak with 40% BDWPT penetration
2025-06-18 20:43:00,434 - cosimulation.simulation_engine - INFO - Starting co-simulation for scenario: Weekday Peak_40%
2025-06-18 20:43:00,434 - traffic_model.main_traffic - INFO - Set BDWPT penetration to 40% (120 equipped vehicles).
2025-06-18 20:43:00,434 - cosimulation.simulation_engine - INFO - Initialized 120 BDWPT agents

Simulation Progress:   0%|          | 0/96 [00:00<?, ?it/s]
Simulation Progress:  40%|ÔûêÔûêÔûêÔûë      | 38/96 [00:00<00:00, 349.77it/s]
Simulation Progress:  77%|ÔûêÔûêÔûêÔûêÔûêÔûêÔûêÔûï  | 74/96 [00:00<00:00, 354.17it/s]
Simulation Progress: 100%|ÔûêÔûêÔûêÔûêÔûêÔûêÔûêÔûêÔûêÔûê| 96/96 [00:00<00:00, 332.26it/s]
2025-06-18 20:43:00,723 - cosimulation.simulation_engine - INFO - Compiling results for 96 time steps
2025-06-18 20:43:00,723 - cosimulation.simulation_engine - INFO - Sample step result keys: ['timestamp', 'converged', 'total_load_kw', 'total_losses_kw', 'total_bdwpt_kw', 'bdwpt_charging_kw', 'bdwpt_discharging_kw', 'voltage_bus_650', 'voltage_bus_632', 'voltage_bus_633', 'voltage_bus_634', 'voltage_bus_645', 'voltage_bus_646', 'voltage_bus_671', 'voltage_bus_680', 'voltage_bus_684', 'voltage_bus_611', 'voltage_bus_652', 'voltage_bus_692', 'voltage_bus_675', 'bdwpt_node_632_kw', 'bdwpt_node_633_kw', 'bdwpt_node_634_kw', 'bdwpt_node_645_kw', 'bdwpt_node_646_kw', 'bdwpt_node_671_kw', 'bdwpt_node_675_kw', 'bdwpt_node_680_kw', 'vehicles_G2V', 'vehicles_V2G', 'vehicles_idle']
2025-06-18 20:43:00,723 - cosimulation.simulation_engine - INFO - Created DataFrame with shape: (96, 31), columns: ['timestamp', 'converged', 'total_load_kw', 'total_losses_kw', 'total_bdwpt_kw', 'bdwpt_charging_kw', 'bdwpt_discharging_kw', 'voltage_bus_650', 'voltage_bus_632', 'voltage_bus_633', 'voltage_bus_634', 'voltage_bus_645', 'voltage_bus_646', 'voltage_bus_671', 'voltage_bus_680', 'voltage_bus_684', 'voltage_bus_611', 'voltage_bus_652', 'voltage_bus_692', 'voltage_bus_675', 'bdwpt_node_632_kw', 'bdwpt_node_633_kw', 'bdwpt_node_634_kw', 'bdwpt_node_645_kw', 'bdwpt_node_646_kw', 'bdwpt_node_671_kw', 'bdwpt_node_675_kw', 'bdwpt_node_680_kw', 'vehicles_G2V', 'vehicles_V2G', 'vehicles_idle']
2025-06-18 20:43:00,723 - cosimulation.simulation_engine - INFO - Using time_step_minutes: 15
2025-06-18 20:43:00,733 - cosimulation.simulation_engine - INFO - Co-simulation completed successfully
2025-06-18 20:43:00,733 - __main__ - INFO - Simulation completed in 0.30 seconds
2025-06-18 20:43:00,738 - __main__ - INFO - Saving results to: output\results\Weekday_Peak_40pct
2025-06-18 20:43:00,743 - __main__ - INFO - Saved timeseries data: output\results\Weekday_Peak_40pct\timeseries_data.csv
2025-06-18 20:43:00,753 - __main__ - INFO - Saved summary: output\results\Weekday_Peak_40pct\summary.txt
2025-06-18 20:43:00,753 - __main__ - INFO - 
============================================================
2025-06-18 20:43:00,753 - __main__ - INFO - Starting: Weekend Peak_0%
2025-06-18 20:43:00,753 - __main__ - INFO - ============================================================
2025-06-18 20:43:00,753 - __main__ - INFO - Running scenario: Weekend Peak with 0% BDWPT penetration
2025-06-18 20:43:00,753 - cosimulation.simulation_engine - INFO - Starting co-simulation for scenario: Weekend Peak_0%
2025-06-18 20:43:00,753 - traffic_model.main_traffic - INFO - Set BDWPT penetration to 0% (0 equipped vehicles).
2025-06-18 20:43:00,753 - cosimulation.simulation_engine - INFO - Initialized 0 BDWPT agents

2025-06-18 20:43:00,753 - traffic_model.main_traffic - INFO - Generating new trip patterns for weekend...
2025-06-18 20:43:00,837 - traffic_model.trip_generator - INFO - Generated 2158 trips for 1000 vehicles
Simulation Progress:   0%|          | 0/96 [00:00<?, ?it/s]
Simulation Progress:   5%|Ôûî         | 5/96 [00:00<00:01, 49.70it/s]
Simulation Progress:  57%|ÔûêÔûêÔûêÔûêÔûêÔûï    | 55/96 [00:00<00:00, 308.73it/s]
Simulation Progress:  92%|ÔûêÔûêÔûêÔûêÔûêÔûêÔûêÔûêÔûêÔûÅ| 88/96 [00:00<00:00, 313.92it/s]
Simulation Progress: 100%|ÔûêÔûêÔûêÔûêÔûêÔûêÔûêÔûêÔûêÔûê| 96/96 [00:00<00:00, 297.36it/s]
2025-06-18 20:43:01,075 - cosimulation.simulation_engine - INFO - Compiling results for 96 time steps
2025-06-18 20:43:01,075 - cosimulation.simulation_engine - INFO - Sample step result keys: ['timestamp', 'converged', 'total_load_kw', 'total_losses_kw', 'total_bdwpt_kw', 'bdwpt_charging_kw', 'bdwpt_discharging_kw', 'voltage_bus_650', 'voltage_bus_632', 'voltage_bus_633', 'voltage_bus_634', 'voltage_bus_645', 'voltage_bus_646', 'voltage_bus_671', 'voltage_bus_680', 'voltage_bus_684', 'voltage_bus_611', 'voltage_bus_652', 'voltage_bus_692', 'voltage_bus_675', 'bdwpt_node_632_kw', 'bdwpt_node_633_kw', 'bdwpt_node_634_kw', 'bdwpt_node_645_kw', 'bdwpt_node_646_kw', 'bdwpt_node_671_kw', 'bdwpt_node_675_kw', 'bdwpt_node_680_kw', 'vehicles_G2V', 'vehicles_V2G', 'vehicles_idle']
2025-06-18 20:43:01,075 - cosimulation.simulation_engine - INFO - Created DataFrame with shape: (96, 31), columns: ['timestamp', 'converged', 'total_load_kw', 'total_losses_kw', 'total_bdwpt_kw', 'bdwpt_charging_kw', 'bdwpt_discharging_kw', 'voltage_bus_650', 'voltage_bus_632', 'voltage_bus_633', 'voltage_bus_634', 'voltage_bus_645', 'voltage_bus_646', 'voltage_bus_671', 'voltage_bus_680', 'voltage_bus_684', 'voltage_bus_611', 'voltage_bus_652', 'voltage_bus_692', 'voltage_bus_675', 'bdwpt_node_632_kw', 'bdwpt_node_633_kw', 'bdwpt_node_634_kw', 'bdwpt_node_645_kw', 'bdwpt_node_646_kw', 'bdwpt_node_671_kw', 'bdwpt_node_675_kw', 'bdwpt_node_680_kw', 'vehicles_G2V', 'vehicles_V2G', 'vehicles_idle']
2025-06-18 20:43:01,075 - cosimulation.simulation_engine - INFO - Using time_step_minutes: 15
2025-06-18 20:43:01,086 - cosimulation.simulation_engine - INFO - Co-simulation completed successfully
2025-06-18 20:43:01,086 - __main__ - INFO - Simulation completed in 0.33 seconds
2025-06-18 20:43:01,093 - __main__ - INFO - Saving results to: output\results\Weekend_Peak_0pct
2025-06-18 20:43:01,104 - __main__ - INFO - Saved timeseries data: output\results\Weekend_Peak_0pct\timeseries_data.csv
2025-06-18 20:43:01,111 - __main__ - INFO - Saved summary: output\results\Weekend_Peak_0pct\summary.txt
2025-06-18 20:43:01,111 - __main__ - INFO - 
============================================================
2025-06-18 20:43:01,111 - __main__ - INFO - Starting: Weekend Peak_15%
2025-06-18 20:43:01,111 - __main__ - INFO - ============================================================
2025-06-18 20:43:01,111 - __main__ - INFO - Running scenario: Weekend Peak with 15% BDWPT penetration
2025-06-18 20:43:01,111 - cosimulation.simulation_engine - INFO - Starting co-simulation for scenario: Weekend Peak_15%
2025-06-18 20:43:01,112 - traffic_model.main_traffic - INFO - Set BDWPT penetration to 15% (45 equipped vehicles).
2025-06-18 20:43:01,112 - cosimulation.simulation_engine - INFO - Initialized 45 BDWPT agents

Simulation Progress:   0%|          | 0/96 [00:00<?, ?it/s]
Simulation Progress:  56%|ÔûêÔûêÔûêÔûêÔûêÔûï    | 54/96 [00:00<00:00, 502.32it/s]
Simulation Progress: 100%|ÔûêÔûêÔûêÔûêÔûêÔûêÔûêÔûêÔûêÔûê| 96/96 [00:00<00:00, 407.57it/s]
2025-06-18 20:43:01,347 - cosimulation.simulation_engine - INFO - Compiling results for 96 time steps
2025-06-18 20:43:01,348 - cosimulation.simulation_engine - INFO - Sample step result keys: ['timestamp', 'converged', 'total_load_kw', 'total_losses_kw', 'total_bdwpt_kw', 'bdwpt_charging_kw', 'bdwpt_discharging_kw', 'voltage_bus_650', 'voltage_bus_632', 'voltage_bus_633', 'voltage_bus_634', 'voltage_bus_645', 'voltage_bus_646', 'voltage_bus_671', 'voltage_bus_680', 'voltage_bus_684', 'voltage_bus_611', 'voltage_bus_652', 'voltage_bus_692', 'voltage_bus_675', 'bdwpt_node_632_kw', 'bdwpt_node_633_kw', 'bdwpt_node_634_kw', 'bdwpt_node_645_kw', 'bdwpt_node_646_kw', 'bdwpt_node_671_kw', 'bdwpt_node_675_kw', 'bdwpt_node_680_kw', 'vehicles_G2V', 'vehicles_V2G', 'vehicles_idle']
2025-06-18 20:43:01,349 - cosimulation.simulation_engine - INFO - Created DataFrame with shape: (96, 31), columns: ['timestamp', 'converged', 'total_load_kw', 'total_losses_kw', 'total_bdwpt_kw', 'bdwpt_charging_kw', 'bdwpt_discharging_kw', 'voltage_bus_650', 'voltage_bus_632', 'voltage_bus_633', 'voltage_bus_634', 'voltage_bus_645', 'voltage_bus_646', 'voltage_bus_671', 'voltage_bus_680', 'voltage_bus_684', 'voltage_bus_611', 'voltage_bus_652', 'voltage_bus_692', 'voltage_bus_675', 'bdwpt_node_632_kw', 'bdwpt_node_633_kw', 'bdwpt_node_634_kw', 'bdwpt_node_645_kw', 'bdwpt_node_646_kw', 'bdwpt_node_671_kw', 'bdwpt_node_675_kw', 'bdwpt_node_680_kw', 'vehicles_G2V', 'vehicles_V2G', 'vehicles_idle']
2025-06-18 20:43:01,349 - cosimulation.simulation_engine - INFO - Using time_step_minutes: 15
2025-06-18 20:43:01,353 - cosimulation.simulation_engine - INFO - Co-simulation completed successfully
2025-06-18 20:43:01,353 - __main__ - INFO - Simulation completed in 0.24 seconds
2025-06-18 20:43:01,358 - __main__ - INFO - Saving results to: output\results\Weekend_Peak_15pct
2025-06-18 20:43:01,363 - __main__ - INFO - Saved timeseries data: output\results\Weekend_Peak_15pct\timeseries_data.csv
2025-06-18 20:43:01,363 - __main__ - INFO - Saved summary: output\results\Weekend_Peak_15pct\summary.txt
2025-06-18 20:43:01,363 - __main__ - INFO - 
============================================================
2025-06-18 20:43:01,363 - __main__ - INFO - Starting: Weekend Peak_40%
2025-06-18 20:43:01,363 - __main__ - INFO - ============================================================
2025-06-18 20:43:01,363 - __main__ - INFO - Running scenario: Weekend Peak with 40% BDWPT penetration
2025-06-18 20:43:01,363 - cosimulation.simulation_engine - INFO - Starting co-simulation for scenario: Weekend Peak_40%
2025-06-18 20:43:01,373 - traffic_model.main_traffic - INFO - Set BDWPT penetration to 40% (120 equipped vehicles).
2025-06-18 20:43:01,373 - cosimulation.simulation_engine - INFO - Initialized 120 BDWPT agents

Simulation Progress:   0%|          | 0/96 [00:00<?, ?it/s]
Simulation Progress:  53%|ÔûêÔûêÔûêÔûêÔûêÔûÄ    | 51/96 [00:00<00:00, 497.91it/s]
Simulation Progress: 100%|ÔûêÔûêÔûêÔûêÔûêÔûêÔûêÔûêÔûêÔûê| 96/96 [00:00<00:00, 408.79it/s]
2025-06-18 20:43:01,608 - cosimulation.simulation_engine - INFO - Compiling results for 96 time steps
2025-06-18 20:43:01,608 - cosimulation.simulation_engine - INFO - Sample step result keys: ['timestamp', 'converged', 'total_load_kw', 'total_losses_kw', 'total_bdwpt_kw', 'bdwpt_charging_kw', 'bdwpt_discharging_kw', 'voltage_bus_650', 'voltage_bus_632', 'voltage_bus_633', 'voltage_bus_634', 'voltage_bus_645', 'voltage_bus_646', 'voltage_bus_671', 'voltage_bus_680', 'voltage_bus_684', 'voltage_bus_611', 'voltage_bus_652', 'voltage_bus_692', 'voltage_bus_675', 'bdwpt_node_632_kw', 'bdwpt_node_633_kw', 'bdwpt_node_634_kw', 'bdwpt_node_645_kw', 'bdwpt_node_646_kw', 'bdwpt_node_671_kw', 'bdwpt_node_675_kw', 'bdwpt_node_680_kw', 'vehicles_G2V', 'vehicles_V2G', 'vehicles_idle']
2025-06-18 20:43:01,608 - cosimulation.simulation_engine - INFO - Created DataFrame with shape: (96, 31), columns: ['timestamp', 'converged', 'total_load_kw', 'total_losses_kw', 'total_bdwpt_kw', 'bdwpt_charging_kw', 'bdwpt_discharging_kw', 'voltage_bus_650', 'voltage_bus_632', 'voltage_bus_633', 'voltage_bus_634', 'voltage_bus_645', 'voltage_bus_646', 'voltage_bus_671', 'voltage_bus_680', 'voltage_bus_684', 'voltage_bus_611', 'voltage_bus_652', 'voltage_bus_692', 'voltage_bus_675', 'bdwpt_node_632_kw', 'bdwpt_node_633_kw', 'bdwpt_node_634_kw', 'bdwpt_node_645_kw', 'bdwpt_node_646_kw', 'bdwpt_node_671_kw', 'bdwpt_node_675_kw', 'bdwpt_node_680_kw', 'vehicles_G2V', 'vehicles_V2G', 'vehicles_idle']
2025-06-18 20:43:01,608 - cosimulation.simulation_engine - INFO - Using time_step_minutes: 15
2025-06-18 20:43:01,608 - cosimulation.simulation_engine - INFO - Co-simulation completed successfully
2025-06-18 20:43:01,608 - __main__ - INFO - Simulation completed in 0.25 seconds
2025-06-18 20:43:01,619 - __main__ - INFO - Saving results to: output\results\Weekend_Peak_40pct
2025-06-18 20:43:01,631 - __main__ - INFO - Saved timeseries data: output\results\Weekend_Peak_40pct\timeseries_data.csv
2025-06-18 20:43:01,633 - __main__ - INFO - Saved summary: output\results\Weekend_Peak_40pct\summary.txt
2025-06-18 20:43:01,633 - __main__ - INFO - 
Analyzing simulation results...
2025-06-18 20:43:01,633 - cosimulation.results_analyzer - INFO - Found baselines for: ['Weekday Peak', 'Weekend Peak']
2025-06-18 20:43:01,633 - cosimulation.results_analyzer - INFO - Calculated KPIs for Weekday Peak_15% relative to baseline Weekday Peak
2025-06-18 20:43:01,633 - cosimulation.results_analyzer - INFO - Calculated KPIs for Weekday Peak_40% relative to baseline Weekday Peak
2025-06-18 20:43:01,633 - cosimulation.results_analyzer - INFO - Calculated KPIs for Weekend Peak_15% relative to baseline Weekend Peak
2025-06-18 20:43:01,633 - cosimulation.results_analyzer - INFO - Calculated KPIs for Weekend Peak_40% relative to baseline Weekend Peak
2025-06-18 20:43:01,633 - cosimulation.results_analyzer - INFO - KPI calculation complete.
2025-06-18 20:43:01,633 - __main__ - INFO - 
=== KEY PERFORMANCE INDICATORS ===
2025-06-18 20:43:01,633 - __main__ - INFO - 
Scenario: Weekday Peak_0%
2025-06-18 20:43:01,633 - __main__ - INFO -   Peak Load Reduction: 0.00 kW (0.0%)
2025-06-18 20:43:01,633 - __main__ - INFO -   Voltage Violations: 1248 hours
2025-06-18 20:43:01,633 - __main__ - INFO -   Energy Losses: 129.49 kWh
2025-06-18 20:43:01,633 - __main__ - INFO -   Reverse Power Flow Events: 96
2025-06-18 20:43:01,633 - __main__ - INFO - 
Scenario: Weekday Peak_15%
2025-06-18 20:43:01,633 - __main__ - INFO -   Peak Load Reduction: 0.00 kW (0.0%)
2025-06-18 20:43:01,633 - __main__ - INFO -   Voltage Violations: 1248 hours
2025-06-18 20:43:01,633 - __main__ - INFO -   Energy Losses: 129.49 kWh
2025-06-18 20:43:01,633 - __main__ - INFO -   Reverse Power Flow Events: 96
2025-06-18 20:43:01,633 - __main__ - INFO - 
Scenario: Weekday Peak_40%
2025-06-18 20:43:01,633 - __main__ - INFO -   Peak Load Reduction: 0.00 kW (0.0%)
2025-06-18 20:43:01,633 - __main__ - INFO -   Voltage Violations: 1248 hours
2025-06-18 20:43:01,633 - __main__ - INFO -   Energy Losses: 129.49 kWh
2025-06-18 20:43:01,633 - __main__ - INFO -   Reverse Power Flow Events: 96
2025-06-18 20:43:01,633 - __main__ - INFO - 
Scenario: Weekend Peak_0%
2025-06-18 20:43:01,633 - __main__ - INFO -   Peak Load Reduction: 0.00 kW (0.0%)
2025-06-18 20:43:01,633 - __main__ - INFO -   Voltage Violations: 1248 hours
2025-06-18 20:43:01,633 - __main__ - INFO -   Energy Losses: 129.49 kWh
2025-06-18 20:43:01,633 - __main__ - INFO -   Reverse Power Flow Events: 96
2025-06-18 20:43:01,633 - __main__ - INFO - 
Scenario: Weekend Peak_15%
2025-06-18 20:43:01,633 - __main__ - INFO -   Peak Load Reduction: 0.00 kW (0.0%)
2025-06-18 20:43:01,633 - __main__ - INFO -   Voltage Violations: 1248 hours
2025-06-18 20:43:01,633 - __main__ - INFO -   Energy Losses: 129.49 kWh
2025-06-18 20:43:01,633 - __main__ - INFO -   Reverse Power Flow Events: 96
2025-06-18 20:43:01,633 - __main__ - INFO - 
Scenario: Weekend Peak_40%
2025-06-18 20:43:01,633 - __main__ - INFO -   Peak Load Reduction: 0.00 kW (0.0%)
2025-06-18 20:43:01,633 - __main__ - INFO -   Voltage Violations: 1248 hours
2025-06-18 20:43:01,633 - __main__ - INFO -   Energy Losses: 129.49 kWh
2025-06-18 20:43:01,633 - __main__ - INFO -   Reverse Power Flow Events: 96
2025-06-18 20:43:01,633 - __main__ - INFO - 
Generating visualizations...
2025-06-18 20:43:05,100 - __main__ - INFO - Visualizations saved to output directory
2025-06-18 20:43:05,100 - __main__ - INFO - 
================================================================================
2025-06-18 20:43:05,100 - __main__ - INFO - SIMULATION COMPLETED SUCCESSFULLY!
2025-06-18 20:43:05,100 - __main__ - INFO - ================================================================================
